18122@DESKTOP-93GHSVQ MINGW64 ~
$ git clone https://github.com/okalis05/group_practice.git
TO CLONE REPO
$ cd group_practice/
(base)
18122@DESKTOP-93GHSVQ MINGW64 ~/group_practice (main)
$ git pull
From https://github.com/okalis05/group_practice
 * [new branch]      okalis05/branching_exercise -> origin/okalis05/branching_exercise
Already up to date.
(base)
18122@DESKTOP-93GHSVQ MINGW64 ~/group_practice (main)
$ git checkoout
git: 'checkoout' is not a git command. See 'git --help'.

The most similar command is
        checkout
(base)
18122@DESKTOP-93GHSVQ MINGW64 ~/group_practice (main)
$ git checkout -Clarice
error: unknown switch `C'
usage: git checkout [<options>] <branch>
   or: git checkout [<options>] [<branch>] -- <file>...

    -b <branch>           create and checkout a new branch
    -B <branch>           create/reset and checkout a branch
    -l                    create reflog for new branch
    --[no-]guess          second guess 'git checkout <no-such-branch>' (default)
    --[no-]overlay        use overlay mode (default)
    -q, --[no-]quiet      suppress progress reporting
    --[no-]recurse-submodules[=<checkout>]
                          control recursive updating of submodules
    --[no-]progress       force progress reporting
    -m, --[no-]merge      perform a 3-way merge with the new branch
    --[no-]conflict <style>
                          conflict style (merge, diff3, or zdiff3)
    -d, --[no-]detach     detach HEAD at named commit
    -t, --[no-]track[=(direct|inherit)]
                          set branch tracking configuration
    -f, --[no-]force      force checkout (throw away local modifications)
    --[no-]orphan <new-branch>
                          new unborn branch
    --[no-]overwrite-ignore
                          update ignored files (default)
    --[no-]ignore-other-worktrees
                          do not check if another worktree is holding the given ref
    -2, --ours            checkout our version for unmerged files
    -3, --theirs          checkout their version for unmerged files
    -p, --[no-]patch      select hunks interactively
    --[no-]ignore-skip-worktree-bits
                          do not limit pathspecs to sparse entries only
    --[no-]pathspec-from-file <file>
                          read pathspec from file
    --[no-]pathspec-file-nul
                          with --pathspec-from-file, pathspec elements are separated with NUL character
